// Jest Snapshot v1, https://goo.gl/fbAQLP

exports[`Category card should render correctly 1`] = `
<Link
  replace={false}
  to="/category/mock-slug/1"
>
  <Item
    style={
      Object {
        "backgroundImage": undefined,
      }
    }
  >
    <ItemHeader
      as={[Function]}
    >
      <h1
        dangerouslySetInnerHTML={
          Object {
            "__html": "Some mock name",
          }
        }
      />
    </ItemHeader>
  </Item>
</Link>
`;
