// Jest Snapshot v1, https://goo.gl/fbAQLP

exports[`Social media component should render correctly 1`] = `
<div
  className="social-media"
/>
`;
