// Jest Snapshot v1, https://goo.gl/fbAQLP

exports[`Footer should render correctly 1`] = `
<div
  className="footer"
>
  <Link
    replace={false}
    to="/"
  >
    <Icon
      as="i"
      name="home"
      size="big"
    />
  </Link>
</div>
`;
