// Jest Snapshot v1, https://goo.gl/fbAQLP

exports[`NavBar reducer handles CLOSE_MENU action 1`] = `false`;

exports[`NavBar reducer handles OPEN_MENU action 1`] = `true`;

exports[`NavBar reducer returns the same state on an unhandled action 1`] = `false`;
